Archive member included to satisfy reference by file (symbol)

C:/ST/STM32CubeCLT_1.16.0/GNU-tools-for-STM32/bin/../lib/gcc/arm-none-eabi/12.3.1/../../../../arm-none-eabi/lib/thumb/v7e-m+fp/hard\libc.a(libc_a-exit.o)
                              C:/ST/STM32CubeCLT_1.16.0/GNU-tools-for-STM32/bin/../lib/gcc/arm-none-eabi/12.3.1/../../../../arm-none-eabi/lib/thumb/v7e-m+fp/hard/crt0.o (exit)
C:/ST/STM32CubeCLT_1.16.0/GNU-tools-for-STM32/bin/../lib/gcc/arm-none-eabi/12.3.1/../../../../arm-none-eabi/lib/thumb/v7e-m+fp/hard\libc.a(libc_a-findfp.o)
                              C:/ST/STM32CubeCLT_1.16.0/GNU-tools-for-STM32/bin/../lib/gcc/arm-none-eabi/12.3.1/../../../../arm-none-eabi/lib/thumb/v7e-m+fp/hard\libc.a(libc_a-exit.o) (__stdio_exit_handler)
C:/ST/STM32CubeCLT_1.16.0/GNU-tools-for-STM32/bin/../lib/gcc/arm-none-eabi/12.3.1/../../../../arm-none-eabi/lib/thumb/v7e-m+fp/hard\libc.a(libc_a-fwalk.o)
                              C:/ST/STM32CubeCLT_1.16.0/GNU-tools-for-STM32/bin/../lib/gcc/arm-none-eabi/12.3.1/../../../../arm-none-eabi/lib/thumb/v7e-m+fp/hard\libc.a(libc_a-findfp.o) (_fwalk_sglue)
C:/ST/STM32CubeCLT_1.16.0/GNU-tools-for-STM32/bin/../lib/gcc/arm-none-eabi/12.3.1/../../../../arm-none-eabi/lib/thumb/v7e-m+fp/hard\libc.a(libc_a-stdio.o)
                              C:/ST/STM32CubeCLT_1.16.0/GNU-tools-for-STM32/bin/../lib/gcc/arm-none-eabi/12.3.1/../../../../arm-none-eabi/lib/thumb/v7e-m+fp/hard\libc.a(libc_a-findfp.o) (__sread)
C:/ST/STM32CubeCLT_1.16.0/GNU-tools-for-STM32/bin/../lib/gcc/arm-none-eabi/12.3.1/../../../../arm-none-eabi/lib/thumb/v7e-m+fp/hard\libc.a(libc_a-memset.o)
                              C:/ST/STM32CubeCLT_1.16.0/GNU-tools-for-STM32/bin/../lib/gcc/arm-none-eabi/12.3.1/../../../../arm-none-eabi/lib/thumb/v7e-m+fp/hard/crt0.o (memset)
C:/ST/STM32CubeCLT_1.16.0/GNU-tools-for-STM32/bin/../lib/gcc/arm-none-eabi/12.3.1/../../../../arm-none-eabi/lib/thumb/v7e-m+fp/hard\libc.a(libc_a-closer.o)
                              C:/ST/STM32CubeCLT_1.16.0/GNU-tools-for-STM32/bin/../lib/gcc/arm-none-eabi/12.3.1/../../../../arm-none-eabi/lib/thumb/v7e-m+fp/hard\libc.a(libc_a-stdio.o) (_close_r)
C:/ST/STM32CubeCLT_1.16.0/GNU-tools-for-STM32/bin/../lib/gcc/arm-none-eabi/12.3.1/../../../../arm-none-eabi/lib/thumb/v7e-m+fp/hard\libc.a(libc_a-reent.o)
                              C:/ST/STM32CubeCLT_1.16.0/GNU-tools-for-STM32/bin/../lib/gcc/arm-none-eabi/12.3.1/../../../../arm-none-eabi/lib/thumb/v7e-m+fp/hard\libc.a(libc_a-closer.o) (errno)
C:/ST/STM32CubeCLT_1.16.0/GNU-tools-for-STM32/bin/../lib/gcc/arm-none-eabi/12.3.1/../../../../arm-none-eabi/lib/thumb/v7e-m+fp/hard\libc.a(libc_a-impure.o)
                              C:/ST/STM32CubeCLT_1.16.0/GNU-tools-for-STM32/bin/../lib/gcc/arm-none-eabi/12.3.1/../../../../arm-none-eabi/lib/thumb/v7e-m+fp/hard\libc.a(libc_a-reent.o) (_impure_ptr)
C:/ST/STM32CubeCLT_1.16.0/GNU-tools-for-STM32/bin/../lib/gcc/arm-none-eabi/12.3.1/../../../../arm-none-eabi/lib/thumb/v7e-m+fp/hard\libc.a(libc_a-lseekr.o)
                              C:/ST/STM32CubeCLT_1.16.0/GNU-tools-for-STM32/bin/../lib/gcc/arm-none-eabi/12.3.1/../../../../arm-none-eabi/lib/thumb/v7e-m+fp/hard\libc.a(libc_a-stdio.o) (_lseek_r)
C:/ST/STM32CubeCLT_1.16.0/GNU-tools-for-STM32/bin/../lib/gcc/arm-none-eabi/12.3.1/../../../../arm-none-eabi/lib/thumb/v7e-m+fp/hard\libc.a(libc_a-readr.o)
                              C:/ST/STM32CubeCLT_1.16.0/GNU-tools-for-STM32/bin/../lib/gcc/arm-none-eabi/12.3.1/../../../../arm-none-eabi/lib/thumb/v7e-m+fp/hard\libc.a(libc_a-stdio.o) (_read_r)
C:/ST/STM32CubeCLT_1.16.0/GNU-tools-for-STM32/bin/../lib/gcc/arm-none-eabi/12.3.1/../../../../arm-none-eabi/lib/thumb/v7e-m+fp/hard\libc.a(libc_a-writer.o)
                              C:/ST/STM32CubeCLT_1.16.0/GNU-tools-for-STM32/bin/../lib/gcc/arm-none-eabi/12.3.1/../../../../arm-none-eabi/lib/thumb/v7e-m+fp/hard\libc.a(libc_a-stdio.o) (_write_r)
C:/ST/STM32CubeCLT_1.16.0/GNU-tools-for-STM32/bin/../lib/gcc/arm-none-eabi/12.3.1/../../../../arm-none-eabi/lib/thumb/v7e-m+fp/hard\libc.a(libc_a-init.o)
                              C:/ST/STM32CubeCLT_1.16.0/GNU-tools-for-STM32/bin/../lib/gcc/arm-none-eabi/12.3.1/../../../../arm-none-eabi/lib/thumb/v7e-m+fp/hard/crt0.o (__libc_init_array)
C:/ST/STM32CubeCLT_1.16.0/GNU-tools-for-STM32/bin/../lib/gcc/arm-none-eabi/12.3.1/../../../../arm-none-eabi/lib/thumb/v7e-m+fp/hard\libc.a(libc_a-lock.o)
                              C:/ST/STM32CubeCLT_1.16.0/GNU-tools-for-STM32/bin/../lib/gcc/arm-none-eabi/12.3.1/../../../../arm-none-eabi/lib/thumb/v7e-m+fp/hard\libc.a(libc_a-findfp.o) (__retarget_lock_init_recursive)
C:/ST/STM32CubeCLT_1.16.0/GNU-tools-for-STM32/bin/../lib/gcc/arm-none-eabi/12.3.1/../../../../arm-none-eabi/lib/thumb/v7e-m+fp/hard\libc.a(libc_a-__call_atexit.o)
                              C:/ST/STM32CubeCLT_1.16.0/GNU-tools-for-STM32/bin/../lib/gcc/arm-none-eabi/12.3.1/../../../../arm-none-eabi/lib/thumb/v7e-m+fp/hard\libc.a(libc_a-exit.o) (__call_exitprocs)
[...]
Memory Configuration

Name             Origin             Length             Attributes
SRAM2            0x10000000         0x00008000         xrw
RAM              0x20000000         0x00018000         xrw
FLASH            0x08000000         0x00100000         xr
*default*        0x00000000         0xffffffff

Linker script and memory map

LOAD C:/ST/STM32CubeCLT_1.16.0/GNU-tools-for-STM32/bin/../lib/gcc/arm-none-eabi/12.3.1/thumb/v7e-m+fp/hard/crti.o
LOAD C:/ST/STM32CubeCLT_1.16.0/GNU-tools-for-STM32/bin/../lib/gcc/arm-none-eabi/12.3.1/thumb/v7e-m+fp/hard/crtbegin.o
LOAD C:/ST/STM32CubeCLT_1.16.0/GNU-tools-for-STM32/bin/../lib/gcc/arm-none-eabi/12.3.1/../../../../arm-none-eabi/lib/thumb/v7e-m+fp/hard/crt0.o
START GROUP
LOAD C:/ST/STM32CubeCLT_1.16.0/GNU-tools-for-STM32/bin/../lib/gcc/arm-none-eabi/12.3.1/../../../../arm-none-eabi/lib/thumb/v7e-m+fp/hard\libc.a
LOAD C:/ST/STM32CubeCLT_1.16.0/GNU-tools-for-STM32/bin/../lib/gcc/arm-none-eabi/12.3.1/../../../../arm-none-eabi/lib/thumb/v7e-m+fp/hard\libm.a
LOAD C:/ST/STM32CubeCLT_1.16.0/GNU-tools-for-STM32/bin/../lib/gcc/arm-none-eabi/12.3.1/../../../../arm-none-eabi/lib/thumb/v7e-m+fp/hard\libstdc++.a
LOAD C:/ST/STM32CubeCLT_1.16.0/GNU-tools-for-STM32/bin/../lib/gcc/arm-none-eabi/12.3.1/../../../../arm-none-eabi/lib/thumb/v7e-m+fp/hard\libsupc++.a
END GROUP
LOAD CMakeFiles/P1_TeslaHazardsLights.dir/Src/main.c.obj
LOAD CMakeFiles/P1_TeslaHazardsLights.dir/Src/gpio.c.obj
LOAD CMakeFiles/P1_TeslaHazardsLights.dir/Src/exti.c.obj
LOAD CMakeFiles/P1_TeslaHazardsLights.dir/Src/syscfg.c.obj
LOAD CMakeFiles/P1_TeslaHazardsLights.dir/Src/nvic.c.obj
LOAD CMakeFiles/P1_TeslaHazardsLights.dir/Src/rcc.c.obj
LOAD CMakeFiles/P1_TeslaHazardsLights.dir/Src/systick.c.obj
LOAD CMakeFiles/P1_TeslaHazardsLights.dir/Src/syscall.c.obj
LOAD CMakeFiles/P1_TeslaHazardsLights.dir/Src/sysmem.c.obj
LOAD CMakeFiles/P1_TeslaHazardsLights.dir/Startup/startup_stm32l476rgtx.s.obj
START GROUP
LOAD C:/ST/STM32CubeCLT_1.16.0/GNU-tools-for-STM32/bin/../lib/gcc/arm-none-eabi/12.3.1/thumb/v7e-m+fp/hard\libgcc.a
LOAD C:/ST/STM32CubeCLT_1.16.0/GNU-tools-for-STM32/bin/../lib/gcc/arm-none-eabi/12.3.1/../../../../arm-none-eabi/lib/thumb/v7e-m+fp/hard\libg.a
LOAD C:/ST/STM32CubeCLT_1.16.0/GNU-tools-for-STM32/bin/../lib/gcc/arm-none-eabi/12.3.1/../../../../arm-none-eabi/lib/thumb/v7e-m+fp/hard\libc.a
END GROUP
START GROUP
LOAD C:/ST/STM32CubeCLT_1.16.0/GNU-tools-for-STM32/bin/../lib/gcc/arm-none-eabi/12.3.1/thumb/v7e-m+fp/hard\libgcc.a
LOAD C:/ST/STM32CubeCLT_1.16.0/GNU-tools-for-STM32/bin/../lib/gcc/arm-none-eabi/12.3.1/../../../../arm-none-eabi/lib/thumb/v7e-m+fp/hard\libc.a
LOAD C:/ST/STM32CubeCLT_1.16.0/GNU-tools-for-STM32/bin/../lib/gcc/arm-none-eabi/12.3.1/../../../../arm-none-eabi/lib/thumb/v7e-m+fp/hard\libnosys.a
END GROUP
LOAD C:/ST/STM32CubeCLT_1.16.0/GNU-tools-for-STM32/bin/../lib/gcc/arm-none-eabi/12.3.1/thumb/v7e-m+fp/hard/crtend.o
LOAD C:/ST/STM32CubeCLT_1.16.0/GNU-tools-for-STM32/bin/../lib/gcc/arm-none-eabi/12.3.1/thumb/v7e-m+fp/hard/crtn.o
                0x20018000                        _estack = (ORIGIN (RAM) + LENGTH (RAM))
                0x00000200                        _Min_Heap_Size = 0x200
                0x00000400                        _Min_Stack_Size = 0x400

.isr_vector     0x08000000      0x184
                0x08000000                        . = ALIGN (0x4)
 *(.isr_vector)
 .isr_vector    0x08000000      0x184 CMakeFiles/P1_TeslaHazardsLights.dir/Startup/startup_stm32l476rgtx.s.obj
                0x08000000                g_pfnVectors
                0x08000184                        . = ALIGN (0x4)

.text           0x08000184      0x6a0
                0x08000184                        . = ALIGN (0x4)
 *(.text)
 .text          0x08000184       0x40 C:/ST/STM32CubeCLT_1.16.0/GNU-tools-for-STM32/bin/../lib/gcc/arm-none-eabi/12.3.1/thumb/v7e-m+fp/hard/crtbegin.o
 *(.text*)
 .text.__libc_init_array
                0x080001c4       0x48 C:/ST/STM32CubeCLT_1.16.0/GNU-tools-for-STM32/bin/../lib/gcc/arm-none-eabi/12.3.1/../../../../arm-none-eabi/lib/thumb/v7e-m+fp/hard\libc.a(libc_a-init.o)
                0x080001c4                __libc_init_array
 .text.__retarget_lock_acquire_recursive
                0x0800020c        0x2 C:/ST/STM32CubeCLT_1.16.0/GNU-tools-for-STM32/bin/../lib/gcc/arm-none-eabi/12.3.1/../../../../arm-none-eabi/lib/thumb/v7e-m+fp/hard\libc.a(libc_a-lock.o)
                0x0800020c                __retarget_lock_acquire_recursive
 .text.__retarget_lock_release_recursive
                0x0800020e        0x2 C:/ST/STM32CubeCLT_1.16.0/GNU-tools-for-STM32/bin/../lib/gcc/arm-none-eabi/12.3.1/../../../../arm-none-eabi/lib/thumb/v7e-m+fp/hard\libc.a(libc_a-lock.o)
                0x0800020e                __retarget_lock_release_recursive
 .text.startup.register_fini
                0x08000210       0x14 C:/ST/STM32CubeCLT_1.16.0/GNU-tools-for-STM32/bin/../lib/gcc/arm-none-eabi/12.3.1/../../../../arm-none-eabi/lib/thumb/v7e-m+fp/hard\libc.a(libc_a-__call_atexit.o)
 .text.atexit   0x08000224        0xc C:/ST/STM32CubeCLT_1.16.0/GNU-tools-for-STM32/bin/../lib/gcc/arm-none-eabi/12.3.1/../../../../arm-none-eabi/lib/thumb/v7e-m+fp/hard\libc.a(libc_a-atexit.o)
                0x08000224                atexit
 .text.__libc_fini_array
                0x08000230       0x28 C:/ST/STM32CubeCLT_1.16.0/GNU-tools-for-STM32/bin/../lib/gcc/arm-none-eabi/12.3.1/../../../../arm-none-eabi/lib/thumb/v7e-m+fp/hard\libc.a(libc_a-fini.o)
                0x08000230                __libc_fini_array
 .text.__register_exitproc
                0x08000258       0x80 C:/ST/STM32CubeCLT_1.16.0/GNU-tools-for-STM32/bin/../lib/gcc/arm-none-eabi/12.3.1/../../../../arm-none-eabi/lib/thumb/v7e-m+fp/hard\libc.a(libc_a-__atexit.o)
                0x08000258                __register_exitproc
 .text.main     0x080002d8      0x108 CMakeFiles/P1_TeslaHazardsLights.dir/Src/main.c.obj
                0x080002d8                main
 .text.EXTI15_10_IRQHandler
                0x080003e0      0x138 CMakeFiles/P1_TeslaHazardsLights.dir/Src/main.c.obj
                0x080003e0                EXTI15_10_IRQHandler
 .text.get_gpio_number
                0x08000518       0x64 CMakeFiles/P1_TeslaHazardsLights.dir/Src/gpio.c.obj
                0x08000518                get_gpio_number
 .text.reset_gpio_mode
                0x0800057c       0x10 CMakeFiles/P1_TeslaHazardsLights.dir/Src/gpio.c.obj
                0x0800057c                reset_gpio_mode
 .text.configure_gpio_input
                0x0800058c       0x18 CMakeFiles/P1_TeslaHazardsLights.dir/Src/gpio.c.obj
                0x0800058c                configure_gpio_input
 .text.configure_gpio_output
                0x080005a4       0x24 CMakeFiles/P1_TeslaHazardsLights.dir/Src/gpio.c.obj
                0x080005a4                configure_gpio_output
 .text.gpio_set_lowLevel
                0x080005c8        0xe CMakeFiles/P1_TeslaHazardsLights.dir/Src/gpio.c.obj
                0x080005c8                gpio_set_lowLevel
 .text.gpio_toggle_level
                0x080005d6        0xc CMakeFiles/P1_TeslaHazardsLights.dir/Src/gpio.c.obj
                0x080005d6                gpio_toggle_level
 *fill*         0x080005e2        0x2 
 .text.gpio_interrupt_enable
                0x080005e4       0x9c CMakeFiles/P1_TeslaHazardsLights.dir/Src/exti.c.obj
                0x080005e4                gpio_interrupt_enable
 .text.EXTI9_5_IRQHandler
                0x08000680       0x5c CMakeFiles/P1_TeslaHazardsLights.dir/Src/exti.c.obj
                0x08000680                EXTI9_5_IRQHandler
 .text.EXTI4_IRQHandler
                0x080006dc        0x2 CMakeFiles/P1_TeslaHazardsLights.dir/Src/exti.c.obj
                0x080006dc                EXTI4_IRQHandler
 .text.EXTI3_IRQHandler
                0x080006de        0x2 CMakeFiles/P1_TeslaHazardsLights.dir/Src/exti.c.obj
                0x080006de                EXTI3_IRQHandler
 .text.EXTI2_IRQHandler
                0x080006e0        0x2 CMakeFiles/P1_TeslaHazardsLights.dir/Src/exti.c.obj
                0x080006e0                EXTI2_IRQHandler
 .text.EXTI1_IRQHandler
                0x080006e2        0x2 CMakeFiles/P1_TeslaHazardsLights.dir/Src/exti.c.obj
                0x080006e2                EXTI1_IRQHandler
 .text.EXTI0_IRQHandler
                0x080006e4        0x2 CMakeFiles/P1_TeslaHazardsLights.dir/Src/exti.c.obj
                0x080006e4                EXTI0_IRQHandler
 *fill*         0x080006e6        0x2 
 .text.exti_map
                0x080006e8       0x40 CMakeFiles/P1_TeslaHazardsLights.dir/Src/syscfg.c.obj
                0x080006e8                exti_map
 .text.nvic_irq_enable
                0x08000728       0x20 CMakeFiles/P1_TeslaHazardsLights.dir/Src/nvic.c.obj
                0x08000728                nvic_irq_enable
 .text.activate_syscfg
                0x08000748       0x10 CMakeFiles/P1_TeslaHazardsLights.dir/Src/rcc.c.obj
                0x08000748                activate_syscfg
 .text.gpio_activate
                0x08000758       0x18 CMakeFiles/P1_TeslaHazardsLights.dir/Src/rcc.c.obj
                0x08000758                gpio_activate
 .text.systick_init
                0x08000770       0x1e CMakeFiles/P1_TeslaHazardsLights.dir/Src/systick.c.obj
                0x08000770                systick_init
 *fill*         0x0800078e        0x2 
 .text.systick_getTick
                0x08000790        0xc CMakeFiles/P1_TeslaHazardsLights.dir/Src/systick.c.obj
                0x08000790                systick_getTick
 .text.systick_reset
                0x0800079c        0xc CMakeFiles/P1_TeslaHazardsLights.dir/Src/systick.c.obj
                0x0800079c                systick_reset
 .text.SysTick_Handler
                0x080007a8       0x10 CMakeFiles/P1_TeslaHazardsLights.dir/Src/systick.c.obj
                0x080007a8                SysTick_Handler
 .text.Reset_Handler
                0x080007b8       0x50 CMakeFiles/P1_TeslaHazardsLights.dir/Startup/startup_stm32l476rgtx.s.obj
                0x080007b8                Reset_Handler
 .text.Default_Handler
                0x08000808        0x2 CMakeFiles/P1_TeslaHazardsLights.dir/Startup/startup_stm32l476rgtx.s.obj
                0x08000808                TIM8_TRG_COM_IRQHandler
                0x08000808                TIM8_CC_IRQHandler
                0x08000808                DMA1_CH4_IRQHandler
                0x08000808                TIM1_CC_IRQHandler
                0x08000808                TSC_IRQHandler
                0x08000808                HardFault_Handler
                0x08000808                TAMP_STAMP_IRQHandler
                0x08000808                PendSV_Handler
                0x08000808                NMI_Handler
                0x08000808                LPTIM2_IRQHandler
                0x08000808                DFSDM1_FLT1_IRQHandler
                0x08000808                I2C3_ER_IRQHandler
                0x08000808                DFSDM1_FLT2_IRQHandler
                0x08000808                TIM6_DACUNDER_IRQHandler
                0x08000808                I2C2_EV_IRQHandler
                0x08000808                DMA2_CH1_IRQHandler
                0x08000808                CAN1_RX0_IRQHandler
                0x08000808                TIM1_UP_TIM16_IRQHandler
                0x08000808                DMA2_CH7_IRQHandler
                0x08000808                UsageFault_Handler
                0x08000808                ADC1_2_IRQHandler
                0x08000808                SPI1_IRQHandler
                0x08000808                DMA1_CH7_IRQHandler
                0x08000808                TIM8_UP_IRQHandler
                0x08000808                RTC_ALARM_IRQHandler
                0x08000808                SAI2_IRQHandler
                0x08000808                DFSDM1_FLT3_IRQHandler
                0x08000808                DMA1_CH6_IRQHandler
                0x08000808                USART3_IRQHandler
                0x08000808                CAN1_RX1_IRQHandler
                0x08000808                LCD_IRQHandler
                0x08000808                UART5_IRQHandler
                0x08000808                ADC3_IRQHandler
                0x08000808                TIM4_IRQHandler
                0x08000808                QUADSPI_IRQHandler
                0x08000808                I2C1_EV_IRQHandler
                0x08000808                DMA2_CH5_IRQHandler
                0x08000808                UART4_IRQHandler
                0x08000808                DMA1_CH3_IRQHandler
                0x08000808                TIM3_IRQHandler
                0x08000808                RCC_IRQHandler
                0x08000808                Default_Handler
                0x08000808                TIM7_IRQHandler
                0x08000808                SDMMC1_IRQHandler
                0x08000808                TIM5_IRQHandler
                0x08000808                I2C3_EV_IRQHandler
                0x08000808                DMA1_CH2_IRQHandler
                0x08000808                RTC_WKUP_IRQHandler
                0x08000808                PVD_PVM_IRQHandler
                0x08000808                SPI2_IRQHandler
                0x08000808                DMA1_CH1_IRQHandler
                0x08000808                MemManage_Handler
                0x08000808                CAN1_TX_IRQHandler
                0x08000808                SVC_Handler
                0x08000808                RNG_IRQHandler
                0x08000808                TIM1_TRG_COM_TIM17_IRQHandler
                0x08000808                COMP_IRQHandler
                0x08000808                WWDG_IRQHandler
                0x08000808                LPUART1_IRQHandler
                0x08000808                TIM2_IRQHandler
                0x08000808                AES_IRQHandler
                0x08000808                USART2_IRQHandler
                0x08000808                DFSDM1_FLT0_IRQHandler
                0x08000808                I2C2_ER_IRQHandler
                0x08000808                TIM8_BRK_IRQHandler
                0x08000808                CAN1_SCE_IRQHandler
                0x08000808                FLASH_IRQHandler
                0x08000808                BusFault_Handler
                0x08000808                USART1_IRQHandler
                0x08000808                OTG_FS_IRQHandler
                0x08000808                SPI3_IRQHandler
                0x08000808                DMA2_CH6_IRQHandler
                0x08000808                DMA2_CH3_IRQHandler
                0x08000808                DMA2_CH2_IRQHandler
                0x08000808                I2C1_ER_IRQHandler
                0x08000808                FMC_IRQHandler
                0x08000808                DMA1_CH5_IRQHandler
                0x08000808                DMA2_CH4_IRQHandler
                0x08000808                SWPMI1_IRQHandler
                0x08000808                LPTIM1_IRQHandler
                0x08000808                SAI1_IRQHandler
                0x08000808                TIM1_BRK_TIM15_IRQHandler
 *(.glue_7)
 .glue_7        0x0800080a        0x0 linker stubs
 *(.glue_7t)
 .glue_7t       0x0800080a        0x0 linker stubs
 *(.eh_frame)
 *fill*         0x0800080a        0x2 
 .eh_frame      0x0800080c        0x0 C:/ST/STM32CubeCLT_1.16.0/GNU-tools-for-STM32/bin/../lib/gcc/arm-none-eabi/12.3.1/thumb/v7e-m+fp/hard/crtbegin.o
 *(.init)
 .init          0x0800080c        0x4 C:/ST/STM32CubeCLT_1.16.0/GNU-tools-for-STM32/bin/../lib/gcc/arm-none-eabi/12.3.1/thumb/v7e-m+fp/hard/crti.o
                0x0800080c                _init
 .init          0x08000810        0x8 C:/ST/STM32CubeCLT_1.16.0/GNU-tools-for-STM32/bin/../lib/gcc/arm-none-eabi/12.3.1/thumb/v7e-m+fp/hard/crtn.o
 *(.fini)
 .fini          0x08000818        0x4 C:/ST/STM32CubeCLT_1.16.0/GNU-tools-for-STM32/bin/../lib/gcc/arm-none-eabi/12.3.1/thumb/v7e-m+fp/hard/crti.o
                0x08000818                _fini
 .fini          0x0800081c        0x8 C:/ST/STM32CubeCLT_1.16.0/GNU-tools-for-STM32/bin/../lib/gcc/arm-none-eabi/12.3.1/thumb/v7e-m+fp/hard/crtn.o
                0x08000824                        . = ALIGN (0x4)
                0x08000824                        _etext = .

.vfp11_veneer   0x08000824        0x0
 .vfp11_veneer  0x08000824        0x0 linker stubs

.v4_bx          0x08000824        0x0
 .v4_bx         0x08000824        0x0 linker stubs

.iplt           0x08000824        0x0
 .iplt          0x08000824        0x0 C:/ST/STM32CubeCLT_1.16.0/GNU-tools-for-STM32/bin/../lib/gcc/arm-none-eabi/12.3.1/thumb/v7e-m+fp/hard/crtbegin.o

.rodata         0x08000824        0x0
                0x08000824                        . = ALIGN (0x4)
 *(.rodata)
 *(.rodata*)
                0x08000824                        . = ALIGN (0x4)

.ARM.extab      0x08000824        0x0
                0x08000824                        . = ALIGN (0x4)
 *(.ARM.extab* .gnu.linkonce.armextab.*)
                0x08000824                        . = ALIGN (0x4)

.ARM            0x08000824        0x0
                0x08000824                        . = ALIGN (0x4)
                0x08000824                        __exidx_start = .
 *(.ARM.exidx*)
                0x08000824                        __exidx_end = .
                0x08000824                        . = ALIGN (0x4)

.preinit_array  0x08000824        0x0
                0x08000824                        . = ALIGN (0x4)
                0x08000824                        PROVIDE (__preinit_array_start = .)
 *(.preinit_array*)
                0x08000824                        PROVIDE (__preinit_array_end = .)
                0x08000824                        . = ALIGN (0x4)

.init_array     0x08000824        0x8
                0x08000824                        . = ALIGN (0x4)
                0x08000824                        PROVIDE (__init_array_start = .)
 *(SORT_BY_NAME(.init_array.*))
 .init_array.00000
                0x08000824        0x4 C:/ST/STM32CubeCLT_1.16.0/GNU-tools-for-STM32/bin/../lib/gcc/arm-none-eabi/12.3.1/../../../../arm-none-eabi/lib/thumb/v7e-m+fp/hard\libc.a(libc_a-__call_atexit.o)
 *(.init_array*)
 .init_array    0x08000828        0x4 C:/ST/STM32CubeCLT_1.16.0/GNU-tools-for-STM32/bin/../lib/gcc/arm-none-eabi/12.3.1/thumb/v7e-m+fp/hard/crtbegin.o
                0x0800082c                        PROVIDE (__init_array_end = .)
                0x0800082c                        . = ALIGN (0x4)

.fini_array     0x0800082c        0x4
                0x0800082c                        . = ALIGN (0x4)
                0x0800082c                        PROVIDE (__fini_array_start = .)
 *(SORT_BY_NAME(.fini_array.*))
 *(.fini_array*)
 .fini_array    0x0800082c        0x4 C:/ST/STM32CubeCLT_1.16.0/GNU-tools-for-STM32/bin/../lib/gcc/arm-none-eabi/12.3.1/thumb/v7e-m+fp/hard/crtbegin.o
                0x08000830                        PROVIDE (__fini_array_end = .)
                0x08000830                        . = ALIGN (0x4)
                0x08000830                        _sidata = LOADADDR (.data)

.rel.dyn        0x08000830        0x0
 .rel.iplt      0x08000830        0x0 C:/ST/STM32CubeCLT_1.16.0/GNU-tools-for-STM32/bin/../lib/gcc/arm-none-eabi/12.3.1/thumb/v7e-m+fp/hard/crtbegin.o

.data           0x20000000        0x4 load address 0x08000830
                0x20000000                        . = ALIGN (0x4)
                0x20000000                        _sdata = .
 *(.data)
 *(.data*)
 .data.__atexit_recursive_mutex
                0x20000000        0x4 C:/ST/STM32CubeCLT_1.16.0/GNU-tools-for-STM32/bin/../lib/gcc/arm-none-eabi/12.3.1/../../../../arm-none-eabi/lib/thumb/v7e-m+fp/hard\libc.a(libc_a-__call_atexit.o)
                0x20000000                __atexit_recursive_mutex
 *(.RamFunc)
 *(.RamFunc*)
                0x20000004                        . = ALIGN (0x4)
                0x20000004                        _edata = .

.igot.plt       0x20000004        0x0 load address 0x08000834
 .igot.plt      0x20000004        0x0 C:/ST/STM32CubeCLT_1.16.0/GNU-tools-for-STM32/bin/../lib/gcc/arm-none-eabi/12.3.1/thumb/v7e-m+fp/hard/crtbegin.o
                0x20000004                        . = ALIGN (0x4)

.bss            0x20000004      0x1bc load address 0x08000834
                0x20000004                        _sbss = .
                0x20000004                        __bss_start__ = _sbss
 *(.bss)
 .bss           0x20000004       0x1c C:/ST/STM32CubeCLT_1.16.0/GNU-tools-for-STM32/bin/../lib/gcc/arm-none-eabi/12.3.1/thumb/v7e-m+fp/hard/crtbegin.o
 *(.bss*)
 .bss.__lock___atexit_recursive_mutex
                0x20000020        0x1 C:/ST/STM32CubeCLT_1.16.0/GNU-tools-for-STM32/bin/../lib/gcc/arm-none-eabi/12.3.1/../../../../arm-none-eabi/lib/thumb/v7e-m+fp/hard\libc.a(libc_a-lock.o)
                0x20000020                __lock___atexit_recursive_mutex
 *fill*         0x20000021        0x3 
 .bss.__atexit  0x20000024        0x4 C:/ST/STM32CubeCLT_1.16.0/GNU-tools-for-STM32/bin/../lib/gcc/arm-none-eabi/12.3.1/../../../../arm-none-eabi/lib/thumb/v7e-m+fp/hard\libc.a(libc_a-__call_atexit.o)
                0x20000024                __atexit
 .bss.__atexit0
                0x20000028      0x190 C:/ST/STM32CubeCLT_1.16.0/GNU-tools-for-STM32/bin/../lib/gcc/arm-none-eabi/12.3.1/../../../../arm-none-eabi/lib/thumb/v7e-m+fp/hard\libc.a(libc_a-__atexit.o)
                0x20000028                __atexit0
 .bss.state     0x200001b8        0x1 CMakeFiles/P1_TeslaHazardsLights.dir/Src/main.c.obj
                0x200001b8                state
 *fill*         0x200001b9        0x3 
 .bss.ms_counter
                0x200001bc        0x4 CMakeFiles/P1_TeslaHazardsLights.dir/Src/systick.c.obj
                0x200001bc                ms_counter
 *(COMMON)
                0x200001c0                        . = ALIGN (0x4)
                0x200001c0                        _ebss = .
                0x200001c0                        __bss_end__ = _ebss

._user_heap_stack
                0x200001c0      0x600 load address 0x08000834
                0x200001c0                        . = ALIGN (0x8)
                [!provide]                        PROVIDE (end = .)
                0x200001c0                        PROVIDE (_end = .)
                0x200003c0                        . = (. + _Min_Heap_Size)
 *fill*         0x200001c0      0x200 
                0x200007c0                        . = (. + _Min_Stack_Size)
 *fill*         0x200003c0      0x400 
                0x200007c0                        . = ALIGN (0x8)

/DISCARD/
 libc.a(*)
 libm.a(*)
 libgcc.a(*)

.ARM.attributes
                0x00000000       0x30
 *(.ARM.attributes)
 .ARM.attributes
                0x00000000       0x22 C:/ST/STM32CubeCLT_1.16.0/GNU-tools-for-STM32/bin/../lib/gcc/arm-none-eabi/12.3.1/thumb/v7e-m+fp/hard/crti.o
 .ARM.attributes
                0x00000022       0x34 C:/ST/STM32CubeCLT_1.16.0/GNU-tools-for-STM32/bin/../lib/gcc/arm-none-eabi/12.3.1/thumb/v7e-m+fp/hard/crtbegin.o
 .ARM.attributes
                0x00000056       0x34 C:/ST/STM32CubeCLT_1.16.0/GNU-tools-for-STM32/bin/../lib/gcc/arm-none-eabi/12.3.1/../../../../arm-none-eabi/lib/thumb/v7e-m+fp/hard\libc.a(libc_a-init.o)
 .ARM.attributes
                0x0000008a       0x34 C:/ST/STM32CubeCLT_1.16.0/GNU-tools-for-STM32/bin/../lib/gcc/arm-none-eabi/12.3.1/../../../../arm-none-eabi/lib/thumb/v7e-m+fp/hard\libc.a(libc_a-lock.o)
 .ARM.attributes
                0x000000be       0x34 C:/ST/STM32CubeCLT_1.16.0/GNU-tools-for-STM32/bin/../lib/gcc/arm-none-eabi/12.3.1/../../../../arm-none-eabi/lib/thumb/v7e-m+fp/hard\libc.a(libc_a-__call_atexit.o)
 .ARM.attributes
                0x000000f2       0x34 C:/ST/STM32CubeCLT_1.16.0/GNU-tools-for-STM32/bin/../lib/gcc/arm-none-eabi/12.3.1/../../../../arm-none-eabi/lib/thumb/v7e-m+fp/hard\libc.a(libc_a-atexit.o)
 .ARM.attributes
                0x00000126       0x34 C:/ST/STM32CubeCLT_1.16.0/GNU-tools-for-STM32/bin/../lib/gcc/arm-none-eabi/12.3.1/../../../../arm-none-eabi/lib/thumb/v7e-m+fp/hard\libc.a(libc_a-fini.o)
 .ARM.attributes
                0x0000015a       0x34 C:/ST/STM32CubeCLT_1.16.0/GNU-tools-for-STM32/bin/../lib/gcc/arm-none-eabi/12.3.1/../../../../arm-none-eabi/lib/thumb/v7e-m+fp/hard\libc.a(libc_a-__atexit.o)
 .ARM.attributes
                0x0000018e       0x34 CMakeFiles/P1_TeslaHazardsLights.dir/Src/main.c.obj
 .ARM.attributes
                0x000001c2       0x34 CMakeFiles/P1_TeslaHazardsLights.dir/Src/gpio.c.obj
 .ARM.attributes
                0x000001f6       0x34 CMakeFiles/P1_TeslaHazardsLights.dir/Src/exti.c.obj
 .ARM.attributes
                0x0000022a       0x34 CMakeFiles/P1_TeslaHazardsLights.dir/Src/syscfg.c.obj
 .ARM.attributes
                0x0000025e       0x34 CMakeFiles/P1_TeslaHazardsLights.dir/Src/nvic.c.obj
 .ARM.attributes
                0x00000292       0x34 CMakeFiles/P1_TeslaHazardsLights.dir/Src/rcc.c.obj
 .ARM.attributes
                0x000002c6       0x34 CMakeFiles/P1_TeslaHazardsLights.dir/Src/systick.c.obj
 .ARM.attributes
                0x000002fa       0x21 CMakeFiles/P1_TeslaHazardsLights.dir/Startup/startup_stm32l476rgtx.s.obj
 .ARM.attributes
                0x0000031b       0x22 C:/ST/STM32CubeCLT_1.16.0/GNU-tools-for-STM32/bin/../lib/gcc/arm-none-eabi/12.3.1/thumb/v7e-m+fp/hard/crtn.o
OUTPUT(P1_TeslaHazardsLights.elf elf32-littlearm)
LOAD linker stubs
LOAD C:/ST/STM32CubeCLT_1.16.0/GNU-tools-for-STM32/bin/../lib/gcc/arm-none-eabi/12.3.1/../../../../arm-none-eabi/lib/thumb/v7e-m+fp/hard\libc.a
LOAD C:/ST/STM32CubeCLT_1.16.0/GNU-tools-for-STM32/bin/../lib/gcc/arm-none-eabi/12.3.1/../../../../arm-none-eabi/lib/thumb/v7e-m+fp/hard\libm.a
LOAD C:/ST/STM32CubeCLT_1.16.0/GNU-tools-for-STM32/bin/../lib/gcc/arm-none-eabi/12.3.1/thumb/v7e-m+fp/hard\libgcc.a

.debug_frame    0x00000000      0x404
 .debug_frame   0x00000000       0x2c C:/ST/STM32CubeCLT_1.16.0/GNU-tools-for-STM32/bin/../lib/gcc/arm-none-eabi/12.3.1/../../../../arm-none-eabi/lib/thumb/v7e-m+fp/hard\libc.a(libc_a-init.o)
 .debug_frame   0x0000002c       0xb0 C:/ST/STM32CubeCLT_1.16.0/GNU-tools-for-STM32/bin/../lib/gcc/arm-none-eabi/12.3.1/../../../../arm-none-eabi/lib/thumb/v7e-m+fp/hard\libc.a(libc_a-lock.o)
 .debug_frame   0x000000dc       0x58 C:/ST/STM32CubeCLT_1.16.0/GNU-tools-for-STM32/bin/../lib/gcc/arm-none-eabi/12.3.1/../../../../arm-none-eabi/lib/thumb/v7e-m+fp/hard\libc.a(libc_a-__call_atexit.o)
 .debug_frame   0x00000134       0x20 C:/ST/STM32CubeCLT_1.16.0/GNU-tools-for-STM32/bin/../lib/gcc/arm-none-eabi/12.3.1/../../../../arm-none-eabi/lib/thumb/v7e-m+fp/hard\libc.a(libc_a-atexit.o)
 .debug_frame   0x00000154       0x38 C:/ST/STM32CubeCLT_1.16.0/GNU-tools-for-STM32/bin/../lib/gcc/arm-none-eabi/12.3.1/../../../../arm-none-eabi/lib/thumb/v7e-m+fp/hard\libc.a(libc_a-fini.o)
 .debug_frame   0x0000018c       0x34 C:/ST/STM32CubeCLT_1.16.0/GNU-tools-for-STM32/bin/../lib/gcc/arm-none-eabi/12.3.1/../../../../arm-none-eabi/lib/thumb/v7e-m+fp/hard\libc.a(libc_a-__atexit.o)
 .debug_frame   0x000001c0       0x4c CMakeFiles/P1_TeslaHazardsLights.dir/Src/main.c.obj
 .debug_frame   0x0000020c       0xa8 CMakeFiles/P1_TeslaHazardsLights.dir/Src/gpio.c.obj
 .debug_frame   0x000002b4       0x88 CMakeFiles/P1_TeslaHazardsLights.dir/Src/exti.c.obj
 .debug_frame   0x0000033c       0x28 CMakeFiles/P1_TeslaHazardsLights.dir/Src/syscfg.c.obj
 .debug_frame   0x00000364       0x20 CMakeFiles/P1_TeslaHazardsLights.dir/Src/nvic.c.obj
 .debug_frame   0x00000384       0x30 CMakeFiles/P1_TeslaHazardsLights.dir/Src/rcc.c.obj
 .debug_frame   0x000003b4       0x50 CMakeFiles/P1_TeslaHazardsLights.dir/Src/systick.c.obj

.debug_info     0x00000000     0x159c
 .debug_info    0x00000000      0x5e8 CMakeFiles/P1_TeslaHazardsLights.dir/Src/main.c.obj
 .debug_info    0x000005e8      0x408 CMakeFiles/P1_TeslaHazardsLights.dir/Src/gpio.c.obj
 .debug_info    0x000009f0      0x3c7 CMakeFiles/P1_TeslaHazardsLights.dir/Src/exti.c.obj
 .debug_info    0x00000db7      0x10a CMakeFiles/P1_TeslaHazardsLights.dir/Src/syscfg.c.obj
 .debug_info    0x00000ec1      0x2e1 CMakeFiles/P1_TeslaHazardsLights.dir/Src/nvic.c.obj
 .debug_info    0x000011a2      0x289 CMakeFiles/P1_TeslaHazardsLights.dir/Src/rcc.c.obj
 .debug_info    0x0000142b      0x141 CMakeFiles/P1_TeslaHazardsLights.dir/Src/systick.c.obj
 .debug_info    0x0000156c       0x30 CMakeFiles/P1_TeslaHazardsLights.dir/Startup/startup_stm32l476rgtx.s.obj

.debug_abbrev   0x00000000      0x787
 .debug_abbrev  0x00000000      0x177 CMakeFiles/P1_TeslaHazardsLights.dir/Src/main.c.obj
 .debug_abbrev  0x00000177      0x185 CMakeFiles/P1_TeslaHazardsLights.dir/Src/gpio.c.obj
 .debug_abbrev  0x000002fc      0x13b CMakeFiles/P1_TeslaHazardsLights.dir/Src/exti.c.obj
 .debug_abbrev  0x00000437       0x99 CMakeFiles/P1_TeslaHazardsLights.dir/Src/syscfg.c.obj
 .debug_abbrev  0x000004d0       0xec CMakeFiles/P1_TeslaHazardsLights.dir/Src/nvic.c.obj
 .debug_abbrev  0x000005bc       0xbc CMakeFiles/P1_TeslaHazardsLights.dir/Src/rcc.c.obj
 .debug_abbrev  0x00000678       0xeb CMakeFiles/P1_TeslaHazardsLights.dir/Src/systick.c.obj
 .debug_abbrev  0x00000763       0x24 CMakeFiles/P1_TeslaHazardsLights.dir/Startup/startup_stm32l476rgtx.s.obj

.debug_loclists
                0x00000000      0x28e
 .debug_loclists
                0x00000000       0x30 CMakeFiles/P1_TeslaHazardsLights.dir/Src/main.c.obj
 .debug_loclists
                0x00000030      0x18a CMakeFiles/P1_TeslaHazardsLights.dir/Src/gpio.c.obj
 .debug_loclists
                0x000001ba       0x91 CMakeFiles/P1_TeslaHazardsLights.dir/Src/exti.c.obj
 .debug_loclists
                0x0000024b       0x23 CMakeFiles/P1_TeslaHazardsLights.dir/Src/nvic.c.obj
 .debug_loclists
                0x0000026e       0x20 CMakeFiles/P1_TeslaHazardsLights.dir/Src/systick.c.obj

.debug_aranges  0x00000000      0x198
 .debug_aranges
                0x00000000       0x28 CMakeFiles/P1_TeslaHazardsLights.dir/Src/main.c.obj
 .debug_aranges
                0x00000028       0x58 CMakeFiles/P1_TeslaHazardsLights.dir/Src/gpio.c.obj
 .debug_aranges
                0x00000080       0x50 CMakeFiles/P1_TeslaHazardsLights.dir/Src/exti.c.obj
 .debug_aranges
                0x000000d0       0x20 CMakeFiles/P1_TeslaHazardsLights.dir/Src/syscfg.c.obj
 .debug_aranges
                0x000000f0       0x20 CMakeFiles/P1_TeslaHazardsLights.dir/Src/nvic.c.obj
 .debug_aranges
                0x00000110       0x28 CMakeFiles/P1_TeslaHazardsLights.dir/Src/rcc.c.obj
 .debug_aranges
                0x00000138       0x38 CMakeFiles/P1_TeslaHazardsLights.dir/Src/systick.c.obj
 .debug_aranges
                0x00000170       0x28 CMakeFiles/P1_TeslaHazardsLights.dir/Startup/startup_stm32l476rgtx.s.obj

.debug_rnglists
                0x00000000      0x10d
 .debug_rnglists
                0x00000000       0x1b CMakeFiles/P1_TeslaHazardsLights.dir/Src/main.c.obj
 .debug_rnglists
                0x0000001b       0x3d CMakeFiles/P1_TeslaHazardsLights.dir/Src/gpio.c.obj
 .debug_rnglists
                0x00000058       0x38 CMakeFiles/P1_TeslaHazardsLights.dir/Src/exti.c.obj
 .debug_rnglists
                0x00000090       0x13 CMakeFiles/P1_TeslaHazardsLights.dir/Src/syscfg.c.obj
 .debug_rnglists
                0x000000a3       0x13 CMakeFiles/P1_TeslaHazardsLights.dir/Src/nvic.c.obj
 .debug_rnglists
                0x000000b6       0x19 CMakeFiles/P1_TeslaHazardsLights.dir/Src/rcc.c.obj
 .debug_rnglists
                0x000000cf       0x25 CMakeFiles/P1_TeslaHazardsLights.dir/Src/systick.c.obj
 .debug_rnglists
                0x000000f4       0x19 CMakeFiles/P1_TeslaHazardsLights.dir/Startup/startup_stm32l476rgtx.s.obj

.debug_macro    0x00000000     0x12f2
 .debug_macro   0x00000000       0x88 CMakeFiles/P1_TeslaHazardsLights.dir/Src/main.c.obj
 .debug_macro   0x00000088      0xaa8 CMakeFiles/P1_TeslaHazardsLights.dir/Src/main.c.obj
 .debug_macro   0x00000b30       0x22 CMakeFiles/P1_TeslaHazardsLights.dir/Src/main.c.obj
 .debug_macro   0x00000b52       0x8e CMakeFiles/P1_TeslaHazardsLights.dir/Src/main.c.obj
 .debug_macro   0x00000be0       0x51 CMakeFiles/P1_TeslaHazardsLights.dir/Src/main.c.obj
 .debug_macro   0x00000c31      0x103 CMakeFiles/P1_TeslaHazardsLights.dir/Src/main.c.obj
 .debug_macro   0x00000d34       0x6a CMakeFiles/P1_TeslaHazardsLights.dir/Src/main.c.obj
 .debug_macro   0x00000d9e      0x1df CMakeFiles/P1_TeslaHazardsLights.dir/Src/main.c.obj
 .debug_macro   0x00000f7d       0x10 CMakeFiles/P1_TeslaHazardsLights.dir/Src/main.c.obj
 .debug_macro   0x00000f8d       0x3a CMakeFiles/P1_TeslaHazardsLights.dir/Src/main.c.obj
 .debug_macro   0x00000fc7       0x10 CMakeFiles/P1_TeslaHazardsLights.dir/Src/main.c.obj
 .debug_macro   0x00000fd7       0x7c CMakeFiles/P1_TeslaHazardsLights.dir/Src/gpio.c.obj
 .debug_macro   0x00001053       0x34 CMakeFiles/P1_TeslaHazardsLights.dir/Src/gpio.c.obj
 .debug_macro   0x00001087       0x85 CMakeFiles/P1_TeslaHazardsLights.dir/Src/exti.c.obj
 .debug_macro   0x0000110c       0x10 CMakeFiles/P1_TeslaHazardsLights.dir/Src/exti.c.obj
 .debug_macro   0x0000111c       0x7d CMakeFiles/P1_TeslaHazardsLights.dir/Src/syscfg.c.obj
 .debug_macro   0x00001199       0x73 CMakeFiles/P1_TeslaHazardsLights.dir/Src/nvic.c.obj
 .debug_macro   0x0000120c       0x73 CMakeFiles/P1_TeslaHazardsLights.dir/Src/rcc.c.obj
 .debug_macro   0x0000127f       0x73 CMakeFiles/P1_TeslaHazardsLights.dir/Src/systick.c.obj

.debug_line     0x00000000     0x1c7b
 .debug_line    0x00000000      0x50e CMakeFiles/P1_TeslaHazardsLights.dir/Src/main.c.obj
 .debug_line    0x0000050e      0x49f CMakeFiles/P1_TeslaHazardsLights.dir/Src/gpio.c.obj
 .debug_line    0x000009ad      0x4b0 CMakeFiles/P1_TeslaHazardsLights.dir/Src/exti.c.obj
 .debug_line    0x00000e5d      0x375 CMakeFiles/P1_TeslaHazardsLights.dir/Src/syscfg.c.obj
 .debug_line    0x000011d2      0x336 CMakeFiles/P1_TeslaHazardsLights.dir/Src/nvic.c.obj
 .debug_line    0x00001508      0x357 CMakeFiles/P1_TeslaHazardsLights.dir/Src/rcc.c.obj
 .debug_line    0x0000185f      0x3a1 CMakeFiles/P1_TeslaHazardsLights.dir/Src/systick.c.obj
 .debug_line    0x00001c00       0x7b CMakeFiles/P1_TeslaHazardsLights.dir/Startup/startup_stm32l476rgtx.s.obj

.debug_str      0x00000000     0x4825
 .debug_str     0x00000000     0x3f6c CMakeFiles/P1_TeslaHazardsLights.dir/Src/main.c.obj
                               0x40d8 (size before relaxing)
 .debug_str     0x00003f6c       0xdc CMakeFiles/P1_TeslaHazardsLights.dir/Src/gpio.c.obj
                               0x3fe2 (size before relaxing)
 .debug_str     0x00004048      0x354 CMakeFiles/P1_TeslaHazardsLights.dir/Src/exti.c.obj
                               0x4230 (size before relaxing)
 .debug_str     0x0000439c       0xb8 CMakeFiles/P1_TeslaHazardsLights.dir/Src/syscfg.c.obj
                               0x3dfb (size before relaxing)
 .debug_str     0x00004454       0xe1 CMakeFiles/P1_TeslaHazardsLights.dir/Src/nvic.c.obj
                               0x405c (size before relaxing)
 .debug_str     0x00004535      0x197 CMakeFiles/P1_TeslaHazardsLights.dir/Src/rcc.c.obj
                               0x3f09 (size before relaxing)
 .debug_str     0x000046cc       0xc5 CMakeFiles/P1_TeslaHazardsLights.dir/Src/systick.c.obj
                               0x3df5 (size before relaxing)
 .debug_str     0x00004791       0x94 CMakeFiles/P1_TeslaHazardsLights.dir/Startup/startup_stm32l476rgtx.s.obj
                                 0xf8 (size before relaxing)

.comment        0x00000000       0x43
 .comment       0x00000000       0x43 CMakeFiles/P1_TeslaHazardsLights.dir/Src/main.c.obj
                                 0x44 (size before relaxing)
 .comment       0x00000043       0x44 CMakeFiles/P1_TeslaHazardsLights.dir/Src/gpio.c.obj
 .comment       0x00000043       0x44 CMakeFiles/P1_TeslaHazardsLights.dir/Src/exti.c.obj
 .comment       0x00000043       0x44 CMakeFiles/P1_TeslaHazardsLights.dir/Src/syscfg.c.obj
 .comment       0x00000043       0x44 CMakeFiles/P1_TeslaHazardsLights.dir/Src/nvic.c.obj
 .comment       0x00000043       0x44 CMakeFiles/P1_TeslaHazardsLights.dir/Src/rcc.c.obj
 .comment       0x00000043       0x44 CMakeFiles/P1_TeslaHazardsLights.dir/Src/systick.c.obj

.debug_line_str
                0x00000000       0xdc
 .debug_line_str
                0x00000000       0xdc CMakeFiles/P1_TeslaHazardsLights.dir/Startup/startup_stm32l476rgtx.s.obj
